// Jest Snapshot v1, https://goo.gl/fbAQLP

exports[`doctype.melody.twig - melody-verify: doctype.melody.twig 1`] = `
<!DOCTYPE html>

<!  DOCTYPE html>

<!DOCTYPE HTML PUBLIC   "-//W3C//DTD HTML 4.01//EN"   "http://www.w3.org/TR/html4/strict.dtd">
~~~~~~~~~~~~~~~~~~~~~~~~~~~~~~~~~~~~~~~~~~~~~~~~~~~~~~~~~~~~~~~~~~~~~~~~~~~~~~~~
[object Promise]
`;
