// Jest Snapshot v1, https://goo.gl/fbAQLP

exports[`controversial.melody.twig - melody-verify: controversial.melody.twig 1`] = `
{% set isRewardRate = isMarriottRewardRate or (rewardRateAltIds and deal.dealId in rewardRateAltIds[accommodation.id.id]) %}

<!-- Alternatively, introduce another variable -->
{% set altIds = rewardRateAltIds[accommodation.id.id] %}
{% set isRewardRate = isMarriottRewardRate or (rewardRateAltIds and deal.dealId in altIds) %}

<!-- Always break objects -->
<section class="{{ {
    base: css.prices
} | classes }}">
</section>

<!-- This is what happens if we reduce indentation depth here:
    "as" and object keys at same indentation level
-->
<article>
    {% mount '@hotelsearch/accommodation-list/src/Slideout/index'
        as 'accommodation-slideout-' ~ accommodation.id.id with {
        key: 'accommodation-slideout-' ~ accommodation.id.id,
        itemId: accommodation.id.id,
        item: accommodation,
        isSearchedItem: isSearchedItem,
        bestPrice: accommodation.deals.bestPrice,
        insights: hasInsights ? insightsData.accommodation.id.id,
        clickedAltDealPartnerId: clickedAltDealPartnerId,
        entirePlace: isEntirePlace ? entirePlaceData.accommodation.id.id
    } %}
</article>

<!-- Parentheses stripped. Cannot fix this. Either always parentheses, or never when args empty. -->
{% include './partials/arrowBtn.melody.twig' with {
    ref: prev | default(),
} only %}

<!-- A lot of line breaks with a width of 80 and twigAlwaysBreakObjects = true -->
<p class="alert__message">
    {{ 'results_for' | translate({ 'searchedterm': '<mark class="highlight-search-term">' ~ semKeyword ~ '</mark>'}) | raw }}
</p>
~~~~~~~~~~~~~~~~~~~~~~~~~~~~~~~~~~~~~~~~~~~~~~~~~~~~~~~~~~~~~~~~~~~~~~~~~~~~~~~~
[object Promise]
`;

exports[`failing.melody.twig - melody-verify: failing.melody.twig 1`] = `
{# IF tag in element not allowed
<option {% if not purchasable.isAvailable %}disabled{% endif %}>
    {{ purchasable.description }}
    {{
        purchasable.salePrice|commerceCurrency(
            cart.currency
        )
    }}
</option>
#}

{% icon 'general/arrow-36x36' with {
        classList: {	        
            base: "#{css['arrowIcon#{action}']} icon-rtl",	            
            'icon-flip': flipIcon ?? false
        } | classes
    } 
%}

{# "only" dropped, comment dropped #}
{% embed '@hotelsearch/common/tooltip/tooltip.melody.twig' with {
            position: 'bottomTrailing',
            id: 'most-popular-badge',
            classList: tooltipOpen ? 'show-tooltip',
            isAriaHidden: not tooltipOpen ?? false
        } only %}
            {# Necessary block to inject html into the tooltip #} 
            {% block text %}
            <p>Hey></p>
            {% endblock %}
{% endembed %}

{# Inserts a newline where it shouldn't #}
<span class="rat-chart__bar">
    <span class="rat-chart__bar-holder">
        <span class="rat-chart__bar-content rat-color--{{ valueIndex }}" {{ { "style": width } | attrs }}></span>
    </span>
</span>

{# Parentheses dropped. Might be valid, but could be better, cosmetically #}
{% for feature in (showAAAmenities ? entirePlaceFeatures : topFeatures) %}
    abcd
{% endfor %}

{# There should be no whitespace changes in textarea #}
<textarea class="{{ codePreview }}">{{
'
{% icon "' ~ icon ~ '" with {
    classList: "' ~ classMap | classes ~ '",
} %}
'
        }}
</textarea>

{# Before the closing -->, whitespace keeps being added #}
<!--     
    This is a comment
-->
~~~~~~~~~~~~~~~~~~~~~~~~~~~~~~~~~~~~~~~~~~~~~~~~~~~~~~~~~~~~~~~~~~~~~~~~~~~~~~~~
[object Promise]
`;
