// Jest Snapshot v1, https://goo.gl/fbAQLP

exports[`alwaysBreakObjects.melody.twig - melody-verify: alwaysBreakObjects.melody.twig 1`] = `
<section class="{{ {
    base: css.prices
} | classes }}">
</section>
~~~~~~~~~~~~~~~~~~~~~~~~~~~~~~~~~~~~~~~~~~~~~~~~~~~~~~~~~~~~~~~~~~~~~~~~~~~~~~~~
[object Promise]
`;

exports[`endblockName.melody.twig - melody-verify: endblockName.melody.twig 1`] = `
{% block title %}
    {{ item.name|title }}
{% endblock %}
~~~~~~~~~~~~~~~~~~~~~~~~~~~~~~~~~~~~~~~~~~~~~~~~~~~~~~~~~~~~~~~~~~~~~~~~~~~~~~~~
[object Promise]
`;

exports[`printWidth.melody.twig - melody-verify: printWidth.melody.twig 1`] = `
<span attr1="one" attr2="two" attr3="three" attr4="four" attr5="five" attr6="six" attr7="seven" attr8="abcd">Text</span>

<span attr1="one" attr2="two" attr3="three" attr4="four" attr5="five" attr6="six" attr7="seven" attr8="abcde">Text</span>
~~~~~~~~~~~~~~~~~~~~~~~~~~~~~~~~~~~~~~~~~~~~~~~~~~~~~~~~~~~~~~~~~~~~~~~~~~~~~~~~
[object Promise]
`;
