// Jest Snapshot v1, https://goo.gl/fbAQLP

exports[`block.melody.twig - melody-verify: block.melody.twig 1`] = `
<section key="0">
{% block hello %}
    <div key="1" class="test">
        <span>Hello</span>
    </div>
{% endblock %}
</section>

{% block bar foo %}

{{ block('hello') }}

{% block content %}{% endblock %}

{%- block hello -%}
    Hello
{%- endblock -%}

{%- block bar foo -%}
~~~~~~~~~~~~~~~~~~~~~~~~~~~~~~~~~~~~~~~~~~~~~~~~~~~~~~~~~~~~~~~~~~~~~~~~~~~~~~~~
[object Promise]
`;

exports[`embed.melody.twig - melody-verify: embed.melody.twig 1`] = `
{% extends "parent.twig" %}

{% block hello %}
    <div class="test-{{ foo }} bar">
        {%- embed "foo.twig" with { foo: 'bar' } %}
            {% block hello %}
                {{ fun }}
                {% embed "bar.twig" -%}
                    {% block hello %}
                        {{ message }}
                    {% endblock %}
                    {% block test %}
                    {% endblock %}
                {%- endembed %}
            {% endblock hello %}
        {% endembed -%}
    </div>
{% endblock %}
~~~~~~~~~~~~~~~~~~~~~~~~~~~~~~~~~~~~~~~~~~~~~~~~~~~~~~~~~~~~~~~~~~~~~~~~~~~~~~~~
[object Promise]
`;

exports[`extendsEmbed.melody.twig - melody-verify: extendsEmbed.melody.twig 1`] = `
{%- extends "parent.twig" %}
{% extends someVar -%}
~~~~~~~~~~~~~~~~~~~~~~~~~~~~~~~~~~~~~~~~~~~~~~~~~~~~~~~~~~~~~~~~~~~~~~~~~~~~~~~~
[object Promise]
`;

exports[`import.melody.twig - melody-verify: import.melody.twig 1`] = `
{%- import "forms.html" as forms %}
{% import "aVeryLongAndConvolutedAndIntertwinedFilename.html" as someQuiteEccentricLocalVariableName -%}

{% from "macros.twig" import hello %}
{%- from 'forms.html' import input as input_field,textarea -%}
{% from 'aVeryLongAndConvolutedAndIntertwinedFilename.html' import input as input_field, textarea, select, password as pw_field, radioButton %}
~~~~~~~~~~~~~~~~~~~~~~~~~~~~~~~~~~~~~~~~~~~~~~~~~~~~~~~~~~~~~~~~~~~~~~~~~~~~~~~~
[object Promise]
`;

exports[`include.melody.twig - melody-verify: include.melody.twig 1`] = `
<div key="1" class="test">
    {{ message | lower | upper }}{% flush %}
    <span class="">{{ _context.name[1:] }}</span>
    {{ block('test') }}
    {{ include('test.twig') }}
    {% include 'test.twig' %}
</div>

{% include './Star.twig' only %}

{%- include "./Flag.twig" with {
"styleModifier": flagModifiers,
"dataVariables": dataVariables,
"text": "ie_topdeal"
} only %}

<div>
{% include "./Flag.twig" with {
"styleModifier": flagModifiers,
"dataVariables": dataVariables,
"text": "ie_topdeal"
} only -%}
</div>

{% include 'foo/' ~ BRT %}
{% include "#{filename}" %}
~~~~~~~~~~~~~~~~~~~~~~~~~~~~~~~~~~~~~~~~~~~~~~~~~~~~~~~~~~~~~~~~~~~~~~~~~~~~~~~~
[object Promise]
`;

exports[`mount.melody.twig - melody-verify: mount.melody.twig 1`] = `
{%- mount './component' as 'bar' -%}

{% mount async './parts/#{ part }.twig' as 'bar-#{part}' with {foo: 'bar'} delay placeholder by 1s -%}
  Loading...
{%- catch err -%}
  Failed to load with {{ err }}
{%- endmount -%}

<div class="profile-wrapper account">
    {% if isProfilePageDisplayed %}
        {% mount '../Profile' as 'profile' with {
            user: user,
            expressBookingIframeUrl: expressBookingIframeUrl,
            paymentMethodsIframeUrl: paymentMethodsIframeUrl,
            isAboveScreenMedium: isAboveScreenMedium,
            anchor: anchor,
            recentlyViewedExpanded: recentlyViewedExpanded
        } %}
    {% endif %}
</div>

<li>
    <article>
        {% mount "@hotelsearch/accommodation-list/src/Slideout/index"
                as "accommodation-slideout-" ~ accommodation.id.id with {
                    "key": "accommodation-slideout-" ~ accommodation.id.id,                
                    "itemId": accommodation.id.id,
                    "item": accommodation,
                    "isSearchedItem": isSearchedItem,
                    "bestPrice": accommodation.deals.bestPrice,
                    "insights": hasInsights ? insightsData.accommodation.id.id,
                    "clickedAltDealPartnerId": clickedAltDealPartnerId,
                    "entirePlace": isEntirePlace
                        ? entirePlaceData.accommodation.id.id
                }
        %}
    </article>
</li>

<div class="popover__body">
    {% mount ContentComponent as 'popover-component' ~ activeView with _context %}
</div>

<div id="js_homepage_tabs" class="tabs no-select" key="SEOTabs">
    {% mount Tabs from '@trivago/components' as seotabs with {   
        tabs: tabs,
        classList: 'tabs--homepage',
    } %}
</div>
~~~~~~~~~~~~~~~~~~~~~~~~~~~~~~~~~~~~~~~~~~~~~~~~~~~~~~~~~~~~~~~~~~~~~~~~~~~~~~~~
[object Promise]
`;

exports[`useStatement.melody.twig - melody-verify: useStatement.melody.twig 1`] = `
{% use "foo.twig" %}

{%- use "blocks.html" with sidebar as base_sidebar, title as base_title %}

{% use "extraLongNameBlocks.html" with sidebar as base_sidebar, title as base_title -%}
~~~~~~~~~~~~~~~~~~~~~~~~~~~~~~~~~~~~~~~~~~~~~~~~~~~~~~~~~~~~~~~~~~~~~~~~~~~~~~~~
[object Promise]
`;
