// Jest Snapshot v1, https://goo.gl/fbAQLP

exports[`twigCodingStandards.melody.twig - melody-verify: twigCodingStandards.melody.twig 1`] = `
{{ foo }}
{# comment #}
{% if foo %}{% endif %}

{{- foo -}}
{#- comment -#}
{%- if foo -%}{%- endif -%}

{{ 1 + 2 }}
{{ foo ~ bar }}
{{ true ? true : false }}

{{ [1, 2, 3] }}
{{ {'foo': 'bar'} }}

{{ 1 + (2 * 3) }}

{{ foo|upper|lower }}
{{ user.name }}
{{ user[name] }}
{% for i in 1..12 %}{% endfor %}

{{ foo|default('foo') }}
{{ range(1..10) }}

{% block foo %}
    {% if true %}
        true
    {% endif %}
{% endblock %}
~~~~~~~~~~~~~~~~~~~~~~~~~~~~~~~~~~~~~~~~~~~~~~~~~~~~~~~~~~~~~~~~~~~~~~~~~~~~~~~~
[object Promise]
`;
